make[1]: Entering directory '/work/eda-lab-cocotb-first-tb'
rm -f out/results_fail.xml
mkdir -p sim_build
/usr/bin/iverilog -o sim_build/sim.vvp -s counter -g2012 -f sim_build/cmds.f  /work/eda-lab-cocotb-first-tb/counter.v
/opt/venvs/cocotb/lib/python3.12/site-packages/cocotb_tools/makefiles/simulators/Makefile.icarus:68: Using MODULE is deprecated, please use COCOTB_TEST_MODULES instead.
rm -f out/results_fail.xml
COCOTB_TEST_MODULES=test_counter COCOTB_TESTCASE=  COCOTB_TOPLEVEL=counter TOPLEVEL_LANG=verilog       \
	 /usr/bin/vvp -m /opt/venvs/cocotb/lib/python3.12/site-packages/cocotb/libs/libcocotbvpi_icarus.so   sim_build/sim.vvp   
     -.--ns INFO     gpi                                ../gpi/GpiCommon.cpp:242  in gpi_load_users                  Loaded entry library: '/usr/lib/x86_64-linux-gnu/libpython3.12.so.1.0'
     -.--ns INFO     gpi                                ../gpi/GpiCommon.cpp:233  in gpi_load_users                  Running entry func 'initialize' from loaded library '/opt/venvs/cocotb/lib/python3.12/site-packages/cocotb/simulator.cpython-312-x86_64-linux-gnu.so'
     -.--ns INFO     pygpi                              ..ib/pygpi/embed.cpp:114  in initialize                      Using Python 3.12.12 interpreter at /opt/venvs/cocotb/bin/python3
     -.--ns INFO     gpi                                ../gpi/GpiCommon.cpp:74   in gpi_print_registered_impl       GPI: VPI support registered
     0.00ns INFO     cocotb.initialize                  Seeding Python random module with 1
     0.00ns INFO     cocotb.initialize                  Initialized cocotb v2.1.0 from /opt/venvs/cocotb/lib/python3.12/site-packages/cocotb
     0.00ns INFO     cocotb.initialize                  Running on Icarus Verilog version 12.0 (stable)
     0.00ns INFO     cocotb.regression                  Running tests
     0.00ns INFO     cocotb.regression                  running test_counter.test_reset (1/3)
                                                            定向测试 1：复位把 count 清 0、ovf 清 0。
    30.00ns WARNING  cocotb.regression                  test_counter.test_reset failed
                                                        Traceback (most recent call last):
                                                          File "/work/eda-lab-cocotb-first-tb/test_counter.py", line 43, in test_reset
                                                            assert dut.count.value.to_unsigned() == RESET_VALUE or not INJECT_BUG
                                                        AssertionError: assert (0 == 1 or not True)
                                                         +  where 0 = to_unsigned()
                                                         +    where to_unsigned = LogicArray('0000', Range(3, 'downto', 0)).to_unsigned
                                                         +      where LogicArray('0000', Range(3, 'downto', 0)) = PackedObject(counter.count).value
                                                         +        where PackedObject(counter.count) = HierarchyObject(counter with definition counter (at /work/eda-lab-cocotb-first-tb/counter.v)).count
    30.00ns INFO     cocotb.regression                  running test_counter.test_enable_hold (2/3)
                                                            定向测试 2：en=0 时计数值必须原样保持。
   170.00ns INFO     cocotb.counter                     test_enable_hold PASS: count held at 5 for 4 clocks
   170.00ns INFO     cocotb.regression                  test_counter.test_enable_hold passed
   170.00ns INFO     cocotb.regression                  running test_counter.test_random_count (3/3)
                                                            随机回归主测试：随机 en 序列 300 拍，逐拍比对 count 与 ovf。
   220.00ns WARNING  cocotb.regression                  test_counter.test_random_count failed
                                                        Traceback (most recent call last):
                                                          File "/work/eda-lab-cocotb-first-tb/test_counter.py", line 96, in test_random_count
                                                            assert actual_count == expected, (
                                                        AssertionError: cycle 0: count=1, expect 2 (en=1)
                                                        assert 1 == 2
   220.00ns INFO     cocotb.regression                  ****************************************************************************************
                                                        ** TEST                            STATUS  SIM TIME (ns)  REAL TIME (s)  RATIO (ns/s) **
                                                        ****************************************************************************************
                                                        ** test_counter.test_reset          FAIL          30.00           0.00      33425.55  **
                                                        ** test_counter.test_enable_hold    PASS         140.00           0.00      89685.29  **
                                                        ** test_counter.test_random_count   FAIL          50.00           0.00     101609.08  **
                                                        ****************************************************************************************
                                                        ** TESTS=3 PASS=1 FAIL=2 SKIP=0                  220.00           0.01      30281.42  **
                                                        ****************************************************************************************
make[1]: *** [/opt/venvs/cocotb/lib/python3.12/site-packages/cocotb_tools/makefiles/simulators/Makefile.icarus:69: out/results_fail.xml] Error 2
make[1]: Leaving directory '/work/eda-lab-cocotb-first-tb'
