
-- Running command `read_ilang out/s06.il; opt -fast -full; memory_map; opt -full; stat; write_ilang out/s07.il' --

1. Executing RTLIL frontend.
Input filename: out/s06.il

2. Executing OPT pass (performing simple optimizations).

2.1. Executing OPT_EXPR pass (perform const folding).
Optimizing module uart_rx.
<suppressed ~11 debug messages>

2.2. Executing OPT_MERGE pass (detect identical cells).
Finding identical cells in module `\uart_rx'.
Removed a total of 0 cells.

2.3. Executing OPT_DFF pass (perform DFF optimizations).

2.4. Executing OPT_CLEAN pass (remove unused cells and wires).
Finding unused cells or wires in module \uart_rx..
Removed 0 unused cells and 8 unused wires.
<suppressed ~1 debug messages>

2.5. Finished fast OPT passes.

3. Executing MEMORY_MAP pass (converting memories to logic and flip-flops).

4. Executing OPT pass (performing simple optimizations).

4.1. Executing OPT_EXPR pass (perform const folding).
Optimizing module uart_rx.

4.2. Executing OPT_MERGE pass (detect identical cells).
Finding identical cells in module `\uart_rx'.
Removed a total of 0 cells.

4.3. Executing OPT_MUXTREE pass (detect dead branches in mux trees).
Running muxtree optimizer on module \uart_rx..
  Creating internal representation of mux trees.
  Evaluating internal representation of mux trees.
  Analyzing evaluation results.
Removed 0 multiplexer ports.
<suppressed ~3 debug messages>

4.4. Executing OPT_REDUCE pass (consolidate $*mux and $reduce_* inputs).
  Optimizing cells in module \uart_rx.
    Consolidated identical input bits for $mux cell $procmux$151:
      Old ports: A=2'10, B=2'00, Y=$auto$wreduce.cc:461:run$213 [1:0]
      New ports: A=1'1, B=1'0, Y=$auto$wreduce.cc:461:run$213 [1]
      New connections: $auto$wreduce.cc:461:run$213 [0] = 1'0
  Optimizing cells in module \uart_rx.
Performed a total of 1 changes.

4.5. Executing OPT_MERGE pass (detect identical cells).
Finding identical cells in module `\uart_rx'.
Removed a total of 0 cells.

4.6. Executing OPT_SHARE pass.

4.7. Executing OPT_DFF pass (perform DFF optimizations).

4.8. Executing OPT_CLEAN pass (remove unused cells and wires).
Finding unused cells or wires in module \uart_rx..

4.9. Executing OPT_EXPR pass (perform const folding).
Optimizing module uart_rx.
<suppressed ~1 debug messages>

4.10. Rerunning OPT passes. (Maybe there is more to do..)

4.11. Executing OPT_MUXTREE pass (detect dead branches in mux trees).
Running muxtree optimizer on module \uart_rx..
  Creating internal representation of mux trees.
  Evaluating internal representation of mux trees.
  Analyzing evaluation results.
Removed 0 multiplexer ports.
<suppressed ~3 debug messages>

4.12. Executing OPT_REDUCE pass (consolidate $*mux and $reduce_* inputs).
  Optimizing cells in module \uart_rx.
Performed a total of 0 changes.

4.13. Executing OPT_MERGE pass (detect identical cells).
Finding identical cells in module `\uart_rx'.
Removed a total of 0 cells.

4.14. Executing OPT_SHARE pass.

4.15. Executing OPT_DFF pass (perform DFF optimizations).

4.16. Executing OPT_CLEAN pass (remove unused cells and wires).
Finding unused cells or wires in module \uart_rx..

4.17. Executing OPT_EXPR pass (perform const folding).
Optimizing module uart_rx.

4.18. Finished OPT passes. (There is nothing left to do.)

5. Printing statistics.

=== uart_rx ===

   Number of wires:                 54
   Number of wire bits:            263
   Number of public wires:          11
   Number of public wire bits:      36
   Number of memories:               0
   Number of memory bits:            0
   Number of processes:              0
   Number of cells:                 45
     $adff                           3
     $adffe                          5
     $alu                            3
     $and                            2
     $eq                             6
     $logic_not                      1
     $mux                            4
     $ne                             6
     $not                            2
     $or                             1
     $pmux                           2
     $reduce_and                     5
     $reduce_bool                    2
     $reduce_or                      1
     $shift                          2

6. Executing RTLIL backend.
Output filename: out/s07.il
